exports[`initial state renders without crashing 1`] = `
<summary
  className="action-bar">
  <div>
    <h2>
      Showing 
      <span>
        10
      </span>
       matches out of 
      <span>
        100
      </span>
       total complaints
    </h2>
  </div>
  <div>
    Page | Sort | Export
  </div>
</summary>
`;
