exports[`initial state renders the detail route 1`] = `
<main
  role="main">
  <section
    className="card-container">
    <nav
      className="layout-row">
      <div
        className="back-to-search">
        <button
          className="a-btn a-btn__link"
          onClick={[Function]}>
          <span
            className="cf-icon cf-icon-left" />
          Back to search results
        </button>
      </div>
      <div
        className="meaning">
        <a
          href="https://www.consumerfinance.gov/complaint/data-use/"
          target="_blank">
          What do all these data points mean?
        </a>
      </div>
    </nav>
    <section
      className="light-box">
      <div
        className="loading-box">
        <span
          className="cf-icon cf-icon-update cf-icon__before cf-icon__spin" />
        <span>
          This page is loading
        </span>
      </div>
    </section>
  </section>
</main>
`;

exports[`initial state renders without crashing 1`] = `
<main
  className="content content__1-3"
  role="main">
  <header
    className="content_hero">
    <h1
      className="content-header">
      Consumer Complaint Database
    </h1>
    <h4
      className="content-header">
      Beta
    </h4>
    <p>
      Consumer complaints are added to this public database after the company has responded to the complaint, confirming a commercial relationship with the consumer, or after they\'ve had the complaint for 15 calendar days, whichever comes first. We donâ€™t verify all the facts alleged in complaints, but we do give companies the opportunity to publicly respond to complaints by selecting responses from a pre-populated list. Company-level information should be considered in the context of company size and/or market share.
    </p>
    <ul
      className="m-list m-list__horizontal">
      <li
        className="m-list_item">
        <button
          className="a-btn a-btn__link"
          onClick={[Function]}>
          More about the complaint database
        </button>
      </li>
      <li
        className="m-list_item">
        <a
          href="https://www.consumerfinance.gov/complaint/data-use/"
          target="_blank">
          How we use complaint data
        </a>
      </li>
      <li
        className="m-list_item">
        <a
          href="https://cfpb.github.io/api/ccdb/"
          target="_blank">
          Technical documentation
        </a>
      </li>
      <li
        className="m-list_item">
        <a
          href="https://data.consumerfinance.gov/dataset/Consumer-Complaints/s6ew-h6mp"
          target="_blank">
          View complaint data in Socrata
        </a>
      </li>
    </ul>
  </header>
  <div
    className="content_wrapper">
    <div
      className="search-panel">
      <h2>
        Search complaint data
      </h2>
      <div>
        <nav
          className="search-bar">
          <form
            action=""
            onSubmit={[Function]}>
            <h5>
              Search Within
            </h5>
            <div
              className="layout-row">
              <div
                className="cf-select">
                <select
                  aria-label="Choose which field will be searched"
                  id="searchField"
                  onChange={[Function]}
                  value="all">
                  <optgroup
                    label="Search Within">
                    <option
                      value="all">
                      All Data
                    </option>
                    <option
                      value="company">
                      Company Name
                    </option>
                    <option
                      value="complaint_what_happened">
                      Narratives
                    </option>
                  </optgroup>
                </select>
              </div>
              <div
                className="flex-all typeahead-portal">
                <section
                  className="typeahead "
                  onBlur={[Function]}
                  onFocus={[Function]}>
                  <input
                    aria-label="The term to search for"
                    autoComplete="off"
                    className="a-text-input"
                    id="searchText"
                    onChange={[Function]}
                    onKeyDown={[Function]}
                    placeholder="Enter your search term(s)"
                    type="text"
                    value="foo" />
                </section>
              </div>
              <button
                className="a-btn"
                type="submit">
                Search
                <span
                  className="a-btn_icon a-btn_icon__on-right cf-icon cf-icon__after cf-icon-search" />
              </button>
              <div
                className="advanced-container">
                <a
                  className="a-btn a-btn__link o-expandable_cue-open"
                  onClick={[Function]}>
                  Show advanced search tips
                </a>
              </div>
            </div>
          </form>
        </nav>
      </div>
    </div>
    <aside
      className="content_sidebar">
      <section
        className="filter-panel">
        <h3>
          Filter results by...
        </h3>
        <section
          className="single-checkbox">
          <h5>
            Only show complaints with narratives?
          </h5>
          <div
            className="m-form-field m-form-field__checkbox">
            <input
              checked={false}
              className="a-checkbox"
              id="theCheckbox"
              onClick={[Function]}
              type="checkbox"
              value="has_narrative" />
            <label
              className="a-label"
              htmlFor="theCheckbox">
              Yes
            </label>
          </div>
        </section>
        <hr />
        <section
          className="o-expandable aggregation date-filter">
          <div
            className="o-expandable_header o-expandable_target">
            <h5
              className="o-expandable_header-left o-expandable_label">
              Date CFPB Received the complaint
            </h5>
            <span
              className="o-expandable_header-right o-expandable_link">
              <button
                className="a-btn a-btn__link o-expandable_cue o-expandable_cue-close"
                onClick={[Function]}>
                Hide
                <span
                  className="cf-icon cf-icon-minus-round" />
              </button>
            </span>
          </div>
          <p />
          <div
            className="layout-row">
            <div
              className="flex-all">
              <label
                className="a-label a-label__heading body-copy">
                From
              </label>
              <div>
                <input
                  aria-describedby="input-error_message-from"
                  className="a-text-input"
                  max={null}
                  min={2014-01-01T17:00:00.000Z}
                  onChange={[Function]}
                  placeholder="mm/dd/yyyy"
                  size="15"
                  value="" />
              </div>
            </div>
            <div
              className="flex-all">
              <label
                className="a-label a-label__heading body-copy">
                Through
              </label>
              <div>
                <input
                  aria-describedby="input-error_message-through"
                  className="a-text-input"
                  max={null}
                  min={2014-01-01T17:00:00.000Z}
                  onChange={[Function]}
                  placeholder="mm/dd/yyyy"
                  size="15"
                  value="" />
              </div>
            </div>
          </div>
        </section>
        <hr />
        <section
          className="o-expandable aggregation">
          <div
            className="o-expandable_header o-expandable_target">
            <h5
              className="o-expandable_header-left o-expandable_label">
              Matched Company Name
            </h5>
            <span
              className="o-expandable_header-right o-expandable_link">
              <button
                className="a-btn a-btn__link o-expandable_cue o-expandable_cue-close"
                onClick={[Function]}>
                Hide
                <span
                  className="cf-icon cf-icon-minus-round" />
              </button>
            </span>
          </div>
          <p>
            The company name as it appears in our complaint system, which may be different than the name the consumer provided in their complaint
          </p>
          <section
            className="typeahead "
            onBlur={[Function]}
            onFocus={[Function]}>
            <input
              autoComplete="off"
              className="a-text-input"
              onChange={[Function]}
              onKeyDown={[Function]}
              placeholder="Enter company name"
              type="text"
              value="" />
          </section>
          <ul />
        </section>
        <hr />
        <section
          className="o-expandable aggregation">
          <div
            className="o-expandable_header o-expandable_target">
            <h5
              className="o-expandable_header-left o-expandable_label">
              Product / sub-product
            </h5>
            <span
              className="o-expandable_header-right o-expandable_link">
              <button
                className="a-btn a-btn__link o-expandable_cue o-expandable_cue-close"
                onClick={[Function]}>
                Hide
                <span
                  className="cf-icon cf-icon-minus-round" />
              </button>
            </span>
          </div>
          <p>
            The type of product and sub-product the consumer identified in the complaint
          </p>
          <p>
            <a
              className="a-btn__link"
              href="http://files.consumerfinance.gov/f/documents/201704_cfpb_Summary_of_Product_and_Sub-product_Changes.pdf"
              target="_blank">
              Recent changes to products and sub-products
            </a>
          </p>
          <div>
            <ul />
          </div>
        </section>
        <hr />
        <section
          className="o-expandable aggregation">
          <div
            className="o-expandable_header o-expandable_target">
            <h5
              className="o-expandable_header-left o-expandable_label">
              Issue / sub-issue
            </h5>
            <span
              className="o-expandable_header-right o-expandable_link">
              <button
                className="a-btn a-btn__link o-expandable_cue o-expandable_cue-close"
                onClick={[Function]}>
                Hide
                <span
                  className="cf-icon cf-icon-minus-round" />
              </button>
            </span>
          </div>
          <p>
            The type of issue and sub-issue the consumer identified in the complaint
          </p>
          <section
            className="typeahead "
            onBlur={[Function]}
            onFocus={[Function]}>
            <input
              autoComplete="off"
              className="a-text-input"
              onChange={[Function]}
              onKeyDown={[Function]}
              placeholder="Enter name of issue"
              type="text"
              value="" />
          </section>
          <div>
            <ul />
          </div>
        </section>
        <hr />
        <section
          className="o-expandable aggregation">
          <div
            className="o-expandable_header o-expandable_target">
            <h5
              className="o-expandable_header-left o-expandable_label">
              State
            </h5>
            <span
              className="o-expandable_header-right o-expandable_link">
              <button
                className="a-btn a-btn__link o-expandable_cue o-expandable_cue-close"
                onClick={[Function]}>
                Hide
                <span
                  className="cf-icon cf-icon-minus-round" />
              </button>
            </span>
          </div>
          <p>
            The state of the mailing address provided by the consumer
          </p>
          <section
            className="typeahead "
            onBlur={[Function]}
            onFocus={[Function]}>
            <input
              autoComplete="off"
              className="a-text-input"
              onChange={[Function]}
              onKeyDown={[Function]}
              placeholder="Enter state name or abbreviation"
              type="text"
              value="" />
          </section>
          <ul />
        </section>
        <hr />
        <section
          className="o-expandable aggregation">
          <div
            className="o-expandable_header o-expandable_target">
            <h5
              className="o-expandable_header-left o-expandable_label">
              Zip Code
            </h5>
            <span
              className="o-expandable_header-right o-expandable_link">
              <button
                className="a-btn a-btn__link o-expandable_cue o-expandable_cue-close"
                onClick={[Function]}>
                Hide
                <span
                  className="cf-icon cf-icon-minus-round" />
              </button>
            </span>
          </div>
          <p>
            The mailing ZIP code provided by the consumer
          </p>
          <section
            className="typeahead "
            onBlur={[Function]}
            onFocus={[Function]}>
            <input
              autoComplete="off"
              className="a-text-input"
              onChange={[Function]}
              onKeyDown={[Function]}
              placeholder="Enter first three digits of zip code"
              type="text"
              value="" />
          </section>
          <ul />
        </section>
        <hr />
        <section
          className="o-expandable aggregation">
          <div
            className="o-expandable_header o-expandable_target">
            <h5
              className="o-expandable_header-left o-expandable_label">
              Did company provide a timely response?
            </h5>
            <span
              className="o-expandable_header-right o-expandable_link">
              <button
                className="a-btn a-btn__link o-expandable_cue o-expandable_cue-open"
                onClick={[Function]}>
                Show
                <span
                  className="cf-icon cf-icon-plus-round" />
              </button>
            </span>
          </div>
          <p />
        </section>
        <hr />
        <section
          className="o-expandable aggregation">
          <div
            className="o-expandable_header o-expandable_target">
            <h5
              className="o-expandable_header-left o-expandable_label">
              Company Response
            </h5>
            <span
              className="o-expandable_header-right o-expandable_link">
              <button
                className="a-btn a-btn__link o-expandable_cue o-expandable_cue-open"
                onClick={[Function]}>
                Show
                <span
                  className="cf-icon cf-icon-plus-round" />
              </button>
            </span>
          </div>
          <p>
            How the company responded to the complaint
          </p>
        </section>
        <hr />
        <section
          className="o-expandable aggregation">
          <div
            className="o-expandable_header o-expandable_target">
            <h5
              className="o-expandable_header-left o-expandable_label">
              Company Public Response
            </h5>
            <span
              className="o-expandable_header-right o-expandable_link">
              <button
                className="a-btn a-btn__link o-expandable_cue o-expandable_cue-open"
                onClick={[Function]}>
                Show
                <span
                  className="cf-icon cf-icon-plus-round" />
              </button>
            </span>
          </div>
          <p>
            The company\'s optional public-facing response to a consumer\'s complaint
          </p>
        </section>
        <hr />
        <section
          className="o-expandable aggregation date-filter">
          <div
            className="o-expandable_header o-expandable_target">
            <h5
              className="o-expandable_header-left o-expandable_label">
              Date complaint sent to company
            </h5>
            <span
              className="o-expandable_header-right o-expandable_link">
              <button
                className="a-btn a-btn__link o-expandable_cue o-expandable_cue-close"
                onClick={[Function]}>
                Hide
                <span
                  className="cf-icon cf-icon-minus-round" />
              </button>
            </span>
          </div>
          <p />
          <div
            className="layout-row">
            <div
              className="flex-all">
              <label
                className="a-label a-label__heading body-copy">
                From
              </label>
              <div>
                <input
                  aria-describedby="input-error_message-from"
                  className="a-text-input"
                  max={null}
                  min={2014-01-01T17:00:00.000Z}
                  onChange={[Function]}
                  placeholder="mm/dd/yyyy"
                  size="15"
                  value="" />
              </div>
            </div>
            <div
              className="flex-all">
              <label
                className="a-label a-label__heading body-copy">
                Through
              </label>
              <div>
                <input
                  aria-describedby="input-error_message-through"
                  className="a-text-input"
                  max={null}
                  min={2014-01-01T17:00:00.000Z}
                  onChange={[Function]}
                  placeholder="mm/dd/yyyy"
                  size="15"
                  value="" />
              </div>
            </div>
          </div>
        </section>
        <hr />
        <section
          className="o-expandable aggregation">
          <div
            className="o-expandable_header o-expandable_target">
            <h5
              className="o-expandable_header-left o-expandable_label">
              Consumer Consent
            </h5>
            <span
              className="o-expandable_header-right o-expandable_link">
              <button
                className="a-btn a-btn__link o-expandable_cue o-expandable_cue-open"
                onClick={[Function]}>
                Show
                <span
                  className="cf-icon cf-icon-plus-round" />
              </button>
            </span>
          </div>
          <p>
            Whether a consumer opted to publish their compaint narrative
          </p>
        </section>
        <hr />
        <section
          className="o-expandable aggregation">
          <div
            className="o-expandable_header o-expandable_target">
            <h5
              className="o-expandable_header-left o-expandable_label">
              How did the consumer submit the complaint to the CFPB?
            </h5>
            <span
              className="o-expandable_header-right o-expandable_link">
              <button
                className="a-btn a-btn__link o-expandable_cue o-expandable_cue-open"
                onClick={[Function]}>
                Show
                <span
                  className="cf-icon cf-icon-plus-round" />
              </button>
            </span>
          </div>
          <p />
        </section>
      </section>
    </aside>
    <section
      className="results-panel content_main">
      <summary
        className="action-bar">
        <div>
          <h2>
            ShowingÂ 
            <span>
              0
            </span>
            Â total complaints
          </h2>
        </div>
        <div
          className="layout-row">
          <div
            className="cf-select">
            <select
              id="choose-size"
              onChange={[Function]}
              value={25}>
              <option
                value={10}>
                Show 
                10
                 results
              </option>
              <option
                value={25}>
                Show 
                25
                 results
              </option>
              <option
                value={50}>
                Show 
                50
                 results
              </option>
              <option
                value={100}>
                Show 
                100
                 results
              </option>
            </select>
          </div>
          <div
            className="cf-select">
            <select
              id="choose-sort"
              onChange={[Function]}
              value="created_date_desc">
              <option
                value="created_date_desc">
                Sort by newest to oldest
              </option>
              <option
                value="created_date_asc">
                Sort by oldest to newest
              </option>
              <option
                value="relevance_desc">
                Sort by relevance
              </option>
              <option
                value="relevance_asc">
                Sort by relevance (asc)
              </option>
            </select>
          </div>
          <h5
            className="flex-all">
            <button
              className="a-btn a-btn__link"
              onClick={[Function]}>
              Export results
            </button>
          </h5>
        </div>
      </summary>
      <h2>
        No results were found for your search
      </h2>
      <section
        className="light-box">
        <div
          className="loading-box">
          <span
            className="cf-icon cf-icon-update cf-icon__before cf-icon__spin" />
          <span>
            This page is loading
          </span>
        </div>
      </section>
    </section>
  </div>
  <span />
</main>
`;
