exports[`initial state renders without crashing 1`] = `
<li>
  <div
    className="col col-12">
    <div
      className="col col-3">
      company
    </div>
    <div
      className="col col-9">
      ABC Corp
    </div>
  </div>
  <div
    className="col col-12">
    <div
      className="col col-3">
      company_public_response
    </div>
    <div
      className="col col-9">
      Lorem
    </div>
  </div>
  <div
    className="col col-12">
    <div
      className="col col-3">
      company_response
    </div>
    <div
      className="col col-9">
      Ipsum
    </div>
  </div>
  <div
    className="col col-12">
    <div
      className="col col-3">
      complaint_what_happened
    </div>
    <div
      className="col col-9">
      Oh baby you. Got what I need
    </div>
  </div>
  <div
    className="col col-12">
    <div
      className="col col-3">
      consumer_consent_provided
    </div>
    <div
      className="col col-9">
      Yes
    </div>
  </div>
  <div
    className="col col-12">
    <div
      className="col col-3">
      consumer_disputed
    </div>
    <div
      className="col col-9">
      Yes
    </div>
  </div>
  <div
    className="col col-12">
    <div
      className="col col-3">
      date_received
    </div>
    <div
      className="col col-9">
      2013-02-03
    </div>
  </div>
  <div
    className="col col-12">
    <div
      className="col col-3">
      date_sent_to_company
    </div>
    <div
      className="col col-9">
      2013-01-01
    </div>
  </div>
  <div
    className="col col-12">
    <div
      className="col col-3">
      issue
    </div>
    <div
      className="col col-9">
      Alpha
    </div>
  </div>
  <div
    className="col col-12">
    <div
      className="col col-3">
      product
    </div>
    <div
      className="col col-9">
      Beta
    </div>
  </div>
  <div
    className="col col-12">
    <div
      className="col col-3">
      state
    </div>
    <div
      className="col col-9">
      DC
    </div>
  </div>
  <div
    className="col col-12">
    <div
      className="col col-3">
      sub_issue
    </div>
    <div
      className="col col-9">
      Gamma
    </div>
  </div>
  <div
    className="col col-12">
    <div
      className="col col-3">
      sub_product
    </div>
    <div
      className="col col-9">
      Delta
    </div>
  </div>
  <div
    className="col col-12">
    <div
      className="col col-3">
      submitted_via
    </div>
    <div
      className="col col-9">
      Email
    </div>
  </div>
  <div
    className="col col-12">
    <div
      className="col col-3">
      timely
    </div>
    <div
      className="col col-9">
      Yes
    </div>
  </div>
  <div
    className="col col-12">
    <div
      className="col col-3">
      zip_code
    </div>
    <div
      className="col col-9">
      20008
    </div>
  </div>
</li>
`;
