// Jest Snapshot v1, https://goo.gl/fbAQLP

exports[`component: DateIntervals initial state renders without crashing 1`] = `
<section
  className="date-intervals m-btn-group"
>
  <p>
    Date range (Click to modify range)
  </p>
  <button
    className="a-btn date-selector interval-3m"
    onClick={[Function]}
  >
    3m
  </button>
  <button
    className="a-btn date-selector interval-6m"
    onClick={[Function]}
  >
    6m
  </button>
  <button
    className="a-btn date-selector interval-1y"
    onClick={[Function]}
  >
    1y
  </button>
  <button
    className="a-btn date-selector interval-3y"
    onClick={[Function]}
  >
    3y
  </button>
  <button
    className="a-btn date-selector interval-All"
    onClick={[Function]}
  >
    All
  </button>
</section>
`;
