// Jest Snapshot v1, https://goo.gl/fbAQLP

exports[`component: LineChart initial state renders without crashing 1`] = `
<div>
  <h2 />
  <div
    id="line-chart"
  />
</div>
`;
