exports[`component:Pill renders without crashing 1`] = `
<li
  className="pill flex-fixed">
  <span
    className="name">
    bar
  </span>
  <button
    onClick={undefined}
    title="Remove bar as a filter">
    <span
      className="cf-icon cf-icon-delete" />
  </button>
</li>
`;
