exports[`component:PillPanel does not render when there are no filters 1`] = `null`;

exports[`component:PillPanel renders without crashing 1`] = `
<section
  className="pill-panel">
  <h5
    className="pill-label flex-fixed">
    Filters Applied:
  </h5>
  <ul
    className="layout-row">
    <li
      className="pill flex-fixed">
      <span
        className="name">
        Apples
      </span>
      <button
        onClick={undefined}
        title="Remove Apples as a filter">
        <span
          className="cf-icon cf-icon-delete" />
      </button>
    </li>
    <li
      className="pill flex-fixed">
      <span
        className="name">
        Bananas are great
      </span>
      <button
        onClick={undefined}
        title="Remove Bananas are great as a filter">
        <span
          className="cf-icon cf-icon-delete" />
      </button>
    </li>
    <li
      className="clear-all">
      <button
        className="a-btn a-btn__link body-copy"
        onClick={undefined}>
        Clear all filters
      </button>
    </li>
  </ul>
</section>
`;
