exports[`SearchPanel renders renders with last updated date 1`] = `
ShallowWrapper {
  "complexSelector": ComplexSelector {
    "buildPredicate": [Function],
    "childrenOfNode": [Function],
    "findWhereUnwrapped": [Function],
  },
  "length": 1,
  "node": <div
    className="search-panel">
    <h2>
        Search complaint data 
        <span
            className="date-subscript">
            (last updated: 
            <FormattedDate
                value={2016-02-01T05:00:00.000Z} />
            )
        </span>
    </h2>
    <Connect(SearchBar) />
    <Connect(Component) />
</div>,
  "nodes": Array [
    <div
      className="search-panel">
      <h2>
            Search complaint data 
            <span
                  className="date-subscript">
                  (last updated: 
                  <FormattedDate
                        value={2016-02-01T05:00:00.000Z} />
                  )
            </span>
      </h2>
      <Connect(SearchBar) />
      <Connect(Component) />
</div>,
  ],
  "options": Object {},
  "renderer": ReactShallowRenderer {
    "_instance": ShallowComponentWrapper {
      "_calledComponentWillUnmount": false,
      "_compositeType": 0,
      "_context": Object {},
      "_currentElement": <SearchPanel
        lastUpdated={2016-02-01T05:00:00.000Z} />,
      "_debugID": 1,
      "_hostContainerInfo": null,
      "_hostParent": null,
      "_instance": SearchPanel {
        "_reactInternalInstance": [Circular],
        "context": Object {},
        "props": Object {
          "lastUpdated": 2016-02-01T05:00:00.000Z,
        },
        "refs": Object {},
        "state": null,
        "updater": Object {
          "enqueueCallback": [Function],
          "enqueueCallbackInternal": [Function],
          "enqueueElementInternal": [Function],
          "enqueueForceUpdate": [Function],
          "enqueueReplaceState": [Function],
          "enqueueSetState": [Function],
          "isMounted": [Function],
          "validateCallback": [Function],
        },
      },
      "_mountOrder": 1,
      "_pendingCallbacks": null,
      "_pendingElement": null,
      "_pendingForceUpdate": false,
      "_pendingReplaceState": false,
      "_pendingStateQueue": null,
      "_renderedComponent": NoopInternalComponent {
        "_currentElement": <div
          className="search-panel">
          <h2>
                    Search complaint data 
                    <span
                              className="date-subscript">
                              (last updated: 
                              <FormattedDate
                                        value={2016-02-01T05:00:00.000Z} />
                              )
                    </span>
          </h2>
          <Connect(SearchBar) />
          <Connect(Component) />
</div>,
        "_debugID": 2,
        "_renderedOutput": <div
          className="search-panel">
          <h2>
                    Search complaint data 
                    <span
                              className="date-subscript">
                              (last updated: 
                              <FormattedDate
                                        value={2016-02-01T05:00:00.000Z} />
                              )
                    </span>
          </h2>
          <Connect(SearchBar) />
          <Connect(Component) />
</div>,
      },
      "_renderedNodeType": 0,
      "_rootNodeID": 0,
      "_topLevelWrapper": null,
      "_updateBatchNumber": null,
      "_warnedAboutRefsInRender": false,
    },
    "getRenderOutput": [Function],
    "render": [Function],
  },
  "root": [Circular],
  "unrendered": <SearchPanel
    lastUpdated={2016-02-01T05:00:00.000Z} />,
}
`;
