// Jest Snapshot v1, https://goo.gl/fbAQLP

exports[`component::HighlightingOption initial state renders without crashing 1`] = `
<span>
  
  <b>
    Foo
  </b>
  bar
</span>
`;
