exports[`initial state renders without crashing 1`] = `
<section
  className="collapsible-filter">
  <div
    className="layout-row">
    <h5
      className="flex-all">
      foo
    </h5>
    <div
      className="flex-fixed toggle">
      <button
        className="a-btn a-btn__link hover"
        onClick={[Function]}>
        Hide
        <span
          className="cf-icon cf-icon-minus-round" />
      </button>
    </div>
  </div>
  <p>
    bar
  </p>
</section>
`;
