exports[`component::FederalState initial state renders without crashing 1`] = `
<section
  className="collapsible-filter aggregation">
  <div
    className="layout-row">
    <h5
      className="flex-all">
      State
    </h5>
    <div
      className="flex-fixed toggle">
      <button
        className="a-btn a-btn__link hover"
        onClick={[Function]}>
        Hide
        <span
          className="cf-icon cf-icon-minus-round" />
      </button>
    </div>
  </div>
  <p>
    The state of the mailing address provided by the consumer
  </p>
  <section
    className="typeahead "
    onBlur={[Function]}
    onFocus={[Function]}>
    <input
      autoComplete="off"
      onChange={[Function]}
      onKeyDown={[Function]}
      placeholder="Enter state name or abbreviation"
      type="text"
      value="" />
  </section>
  <ul>
    <li
      className="flex-fixed layout-row">
      <input
        aria-label="DC"
        checked={true}
        className="flex-fixed"
        onChange={[Function]}
        type="checkbox" />
      <span
        className="flex-all bucket-key">
        District Of Columbia (DC)
      </span>
      <span
        className="flex-fixed bucket-count">
        <span>
          999
        </span>
      </span>
    </li>
  </ul>
</section>
`;
