exports[`initial state renders without crashing 1`] = `
<section
  className="collapsible-filter aggregation">
  <div
    className="layout-row">
    <h5
      className="flex-all" />
    <div
      className="flex-fixed toggle">
      <button
        className="a-btn a-btn__link hover"
        onClick={[Function]}>
        Show
        <span
          className="cf-icon cf-icon-plus-round" />
      </button>
    </div>
  </div>
  <p />
</section>
`;
