exports[`component::ZipCode snapshots renders without crashing 1`] = `
<section
  className="collapsible-filter aggregation">
  <div
    className="layout-row">
    <h5
      className="flex-all">
      Zip Code
    </h5>
    <div
      className="flex-fixed toggle">
      <button
        className="a-btn a-btn__link hover"
        onClick={[Function]}>
        Hide
        <span
          className="cf-icon cf-icon-minus-round" />
      </button>
    </div>
  </div>
  <p>
    The mailing ZIP code provided by the consumer
  </p>
  <section
    className="typeahead "
    onBlur={[Function]}
    onFocus={[Function]}>
    <input
      autoComplete="off"
      onChange={[Function]}
      onKeyDown={[Function]}
      placeholder="Enter first three digits of zip code"
      type="text"
      value="" />
  </section>
  <ul>
    <li
      className="flex-fixed layout-row">
      <input
        aria-label="300XX"
        checked={true}
        className="flex-fixed"
        onClick={[Function]}
        type="checkbox" />
      <span
        className="flex-all bucket-key">
        300XX
      </span>
      <span
        className="flex-fixed bucket-count">
        <span>
          999
        </span>
      </span>
    </li>
  </ul>
</section>
`;
