// Jest Snapshot v1, https://goo.gl/fbAQLP

exports[`component: BrushChart initial state renders without crashing 1`] = `
<div
  id="brush-chart"
/>
`;
