// Jest Snapshot v1, https://goo.gl/fbAQLP

exports[`component: StackedAreaChart initial state renders without crashing 1`] = `
<div>
  <h2>
    foo
  </h2>
  <div
    id="stacked-area-chart"
  />
</div>
`;
